# ADK Bidirectional Streaming Test Report

## Test Summary
- **Test Date**: 2025-06-17 21:14:54
- **Test Type**: VOICE
- **Total Tests**: 6
- **Passed Tests**: 6
- **Failed Tests**: 0
- **Success Rate**: 100.0%

## Environment Configuration
- **Google Cloud Project**: gcp-samples-ic0
- **Google Cloud Location**: us-central1

## Detailed Results

### Google AI Studio Platform

- **gemini-2.0-flash-live-001 (voice)**: ✅ PASS
- **gemini-2.5-flash-preview-native-audio-dialog (voice)**: ✅ PASS
- **gemini-2.5-flash-exp-native-audio-thinking-dialog (voice)**: ✅ PASS
- **gemini-2.0-flash-exp (voice)**: ✅ PASS

### Vertex AI Platform

- **gemini-2.0-flash-live-preview-04-09 (voice)**: ✅ PASS
- **gemini-2.0-flash-exp (voice)**: ✅ PASS

## Voice Transcription Results

### Google AI Studio Platform

**gemini-2.0-flash-live-001**: "it is 9:13 p.m. in Tokyo Japan"

**gemini-2.5-flash-preview-native-audio-dialog**: "the current time in Tokyo Japan is 913 p.m. jst"

**gemini-2.5-flash-exp-native-audio-thinking-dialog**: "the current time in Tokyo Japan is 9:14 p.m. the time zone is Asia Tokyo"

**gemini-2.0-flash-exp**: "it is 9:14 p.m. in Tokyo Japan"

### Vertex AI Platform

**gemini-2.0-flash-live-preview-04-09**: "it's 9:14 p.m. in Tokyo"

**gemini-2.0-flash-exp**: "it's 9:14 p.m. in Tokyo"

## Test Methodology

### Test Question
- **Query**: "What time is it now?"
- **Expected Response**: Agent responds with current time information using Google Search tool

### Success Criteria
- Response contains time-related keywords (time, clock, hour, minute, am, pm, utc, gmt)
- Agent successfully uses Google Search tool for real-time information
- Bidirectional streaming communication works correctly

### Platform Configuration
- **Google AI Studio**: Uses GOOGLE_API_KEY with GOOGLE_GENAI_USE_VERTEXAI=FALSE
- **Vertex AI**: Uses GOOGLE_CLOUD_PROJECT and GOOGLE_CLOUD_LOCATION with GOOGLE_GENAI_USE_VERTEXAI=TRUE

### Voice Chat Testing
- Generates voice input using Google Cloud Text-to-Speech
- Sends audio to ADK streaming API
- Receives audio response from model
- Plays audio response using PyAudio
- Transcribes response using Google Cloud Speech-to-Text for validation

## Environment Information
- **ADK Version**: 1.3.0
- **Python Dependencies**: google-adk, google-cloud-texttospeech, google-cloud-speech, pyaudio, python-dotenv
- **Audio Configuration**: 16kHz, PCM, Mono
- **SSL Configuration**: Automatically configured using certifi

## Test Tool Usage
```bash
# Text tests only
python test_tool.py --test-type text

# Voice tests only  
python test_tool.py --test-type voice

# Both test types
python test_tool.py --test-type both

# Specific platform
python test_tool.py --platform google-ai-studio --test-type text

# Specific model
python test_tool.py --platform vertex-ai --model gemini-2.0-flash-exp --test-type voice
```

---
*Report generated by ADK Bidirectional Streaming Test Tool*
